{
  "revision": "8b4357992c4161c5732dc046ab44a8d95fe267d7",
  "dirty_at_start": true,
  "source_dirty_at_start": false,
  "source_diff_hash": "12ae32cb1ec02d01eda3581b127c1fee3b0dc53572ed6baf239721a03d82e126",
  "completed_jobs": 32,
  "failures": 0,
  "retries": 0,
  "warmup_ms": 5292,
  "warmup_excluded": true,
  "primary_first_request": {
    "one_ms": [
      21704,
      20532
    ],
    "two_ms": [
      10790,
      10626
    ],
    "one_mean_ms": 21118,
    "two_mean_ms": 10708,
    "throughput_ratio": 1.9721703399327606
  },
  "secondary_repeated": {
    "one_ms": [
      6140,
      6237
    ],
    "two_ms": [
      3512,
      3135
    ],
    "one_mean_ms": 6188.5,
    "two_mean_ms": 3323.5,
    "throughput_ratio": 1.862043026929442
  },
  "all_requests": {
    "one_ms": [
      21704,
      6140,
      6237,
      20532
    ],
    "two_ms": [
      3512,
      10790,
      10626,
      3135
    ],
    "one_mean_ms": 13653.25,
    "two_mean_ms": 7015.75,
    "throughput_ratio": 1.9460855931297438
  },
  "first_native_share": 0.703069474587994,
  "trials": [
    {
      "index": 0,
      "workers": 1,
      "cache_condition": "first request",
      "ms": 21704,
      "native_ms": 15179,
      "job_ms": 21595,
      "native_share": 0.7028941884695531,
      "overlap_ms": 0
    },
    {
      "index": 1,
      "workers": 2,
      "cache_condition": "repeated request",
      "ms": 3512,
      "native_ms": 51,
      "job_ms": 6817,
      "native_share": 0.007481296758104738,
      "overlap_ms": 0
    },
    {
      "index": 2,
      "workers": 2,
      "cache_condition": "first request",
      "ms": 10790,
      "native_ms": 14707,
      "job_ms": 20986,
      "native_share": 0.7008005336891261,
      "overlap_ms": 6987
    },
    {
      "index": 3,
      "workers": 1,
      "cache_condition": "repeated request",
      "ms": 6140,
      "native_ms": 34,
      "job_ms": 6048,
      "native_share": 0.005621693121693121,
      "overlap_ms": 0
    },
    {
      "index": 4,
      "workers": 2,
      "cache_condition": "first request",
      "ms": 10626,
      "native_ms": 14579,
      "job_ms": 20832,
      "native_share": 0.6998367895545314,
      "overlap_ms": 7035
    },
    {
      "index": 5,
      "workers": 1,
      "cache_condition": "repeated request",
      "ms": 6237,
      "native_ms": 38,
      "job_ms": 6131,
      "native_share": 0.006198010112542815,
      "overlap_ms": 0
    },
    {
      "index": 6,
      "workers": 1,
      "cache_condition": "first request",
      "ms": 20532,
      "native_ms": 14493,
      "job_ms": 20445,
      "native_share": 0.7088774761555392,
      "overlap_ms": 0
    },
    {
      "index": 7,
      "workers": 2,
      "cache_condition": "repeated request",
      "ms": 3135,
      "native_ms": 37,
      "job_ms": 6086,
      "native_share": 0.0060795267827801515,
      "overlap_ms": 0
    }
  ],
  "first_vs_repeated_native_ratios": [
    {
      "key": "a:100",
      "ratio": 266.7142857142857
    },
    {
      "key": "a:101",
      "ratio": 275.26666666666665
    },
    {
      "key": "b:120",
      "ratio": 349.3636363636364
    },
    {
      "key": "b:121",
      "ratio": 315.72727272727275
    },
    {
      "key": "a:102",
      "ratio": 347.54545454545456
    },
    {
      "key": "a:103",
      "ratio": 417.77777777777777
    },
    {
      "key": "b:122",
      "ratio": 521
    },
    {
      "key": "b:123",
      "ratio": 496.7142857142857
    },
    {
      "key": "a:104",
      "ratio": 313.8333333333333
    },
    {
      "key": "a:105",
      "ratio": 368.2
    },
    {
      "key": "b:124",
      "ratio": 456.75
    },
    {
      "key": "b:125",
      "ratio": 434.625
    },
    {
      "key": "a:106",
      "ratio": 390.1
    },
    {
      "key": "a:107",
      "ratio": 358.9
    },
    {
      "key": "b:126",
      "ratio": 437.5
    },
    {
      "key": "b:127",
      "ratio": 389.22222222222223
    }
  ],
  "result_equivalence": true,
  "ledger_equivalence": true,
  "excluded_metrics": [
    "buy_hold_return",
    "buy_hold_return_percent"
  ],
  "additional_exclusions": false,
  "last_bar_times": [
    1790848800
  ],
  "open_positions": 0,
  "active_tab_unchanged": true,
  "iterations": 1500,
  "disjoint_inputs": {
    "a": [
      100,
      101,
      102,
      103,
      104,
      105,
      106,
      107
    ],
    "b": [
      120,
      121,
      122,
      123,
      124,
      125,
      126,
      127
    ]
  },
  "dirty_reason": "Untracked live evidence files; production source diff was empty at measurement start.",
  "interpretation": "Native lifecycle includes server/network response time, not CPU-only execution. Cache position is not established. First-request labels are checked against observed durations."
}
