{
  "revision": "246888d",
  "planned_trials": 8,
  "observed_trials": 8,
  "planned_jobs": 64,
  "completed_jobs": 64,
  "failures": 0,
  "retries": 0,
  "warmup_ms": 2322,
  "warmup_excluded": true,
  "one_worker": {
    "times_ms": [
      17551,
      16762,
      16709,
      16448
    ],
    "mean_ms": 16867.5,
    "median_ms": 16735.5
  },
  "two_workers": {
    "times_ms": [
      8629,
      8504,
      8642,
      8751
    ],
    "mean_ms": 8631.5,
    "median_ms": 8635.5
  },
  "throughput_ratio": 1.954179458958466,
  "throughput_increase_percent": 95.4179458958466,
  "result_equivalence": true,
  "full_ledger_equivalence": true,
  "excluded_metrics": [
    "buy_hold_return",
    "buy_hold_return_percent"
  ],
  "input_report_variation": [
    {
      "worker": "a",
      "distinct_net_profits": 4
    },
    {
      "worker": "b",
      "distinct_net_profits": 4
    }
  ],
  "last_bar_times": [
    1790848800
  ],
  "open_pnl_values": [
    0
  ],
  "open_trade_counts": [
    0
  ],
  "no_additional_exclusions": true,
  "trials": [
    {
      "index": 0,
      "workers": 1,
      "ms": 17551,
      "completed": 8,
      "overlap_ms": 0,
      "overlap_fraction_of_shorter_worker": 0
    },
    {
      "index": 1,
      "workers": 2,
      "ms": 8629,
      "completed": 8,
      "overlap_ms": 437,
      "overlap_fraction_of_shorter_worker": 0.8705179282868526
    },
    {
      "index": 2,
      "workers": 2,
      "ms": 8504,
      "completed": 8,
      "overlap_ms": 335,
      "overlap_fraction_of_shorter_worker": 0.7461024498886414
    },
    {
      "index": 3,
      "workers": 1,
      "ms": 16762,
      "completed": 8,
      "overlap_ms": 0,
      "overlap_fraction_of_shorter_worker": 0
    },
    {
      "index": 4,
      "workers": 1,
      "ms": 16709,
      "completed": 8,
      "overlap_ms": 0,
      "overlap_fraction_of_shorter_worker": 0
    },
    {
      "index": 5,
      "workers": 2,
      "ms": 8642,
      "completed": 8,
      "overlap_ms": 329,
      "overlap_fraction_of_shorter_worker": 0.7966101694915254
    },
    {
      "index": 6,
      "workers": 2,
      "ms": 8751,
      "completed": 8,
      "overlap_ms": 21,
      "overlap_fraction_of_shorter_worker": 0.051094890510948905
    },
    {
      "index": 7,
      "workers": 1,
      "ms": 16448,
      "completed": 8,
      "overlap_ms": 0,
      "overlap_fraction_of_shorter_worker": 0
    }
  ],
  "active_tab_unchanged": true,
  "wall_clock": "Date.now millisecond resolution; before first CLI spawn through last ledger child exit (result committed)",
  "assignment": "static four jobs per workspace; one sequential workflow or two concurrent workflows",
  "emulation": {
    "width": 1280,
    "height": 800,
    "focus": true,
    "fixed": true,
    "tab_switching": false
  }
}
